// Jest Snapshot v1, https://goo.gl/fbAQLP

exports[`@didtools/key-secp256k1 encodeDID 1`] = `"did:key:z6DtcGKvZiK2R2qvuDgxs5hJLcDTH8xGr8PAZNJyyDMYdUXQ"`;
