// Jest Snapshot v1, https://goo.gl/fbAQLP

exports[`Secp256k1 mapper successfully resolves the document from did 1`] = `
{
  "assertionMethod": [
    "did:key:zQ3shbgnTGcgBpXPdBjDur3ATMDWhS7aPs6FRFkWR19Lb9Zwz#zQ3shbgnTGcgBpXPdBjDur3ATMDWhS7aPs6FRFkWR19Lb9Zwz",
  ],
  "authentication": [
    "did:key:zQ3shbgnTGcgBpXPdBjDur3ATMDWhS7aPs6FRFkWR19Lb9Zwz#zQ3shbgnTGcgBpXPdBjDur3ATMDWhS7aPs6FRFkWR19Lb9Zwz",
  ],
  "capabilityDelegation": [
    "did:key:zQ3shbgnTGcgBpXPdBjDur3ATMDWhS7aPs6FRFkWR19Lb9Zwz#zQ3shbgnTGcgBpXPdBjDur3ATMDWhS7aPs6FRFkWR19Lb9Zwz",
  ],
  "capabilityInvocation": [
    "did:key:zQ3shbgnTGcgBpXPdBjDur3ATMDWhS7aPs6FRFkWR19Lb9Zwz#zQ3shbgnTGcgBpXPdBjDur3ATMDWhS7aPs6FRFkWR19Lb9Zwz",
  ],
  "id": "did:key:zQ3shbgnTGcgBpXPdBjDur3ATMDWhS7aPs6FRFkWR19Lb9Zwz",
  "verificationMethod": [
    {
      "controller": "did:key:zQ3shbgnTGcgBpXPdBjDur3ATMDWhS7aPs6FRFkWR19Lb9Zwz",
      "id": "did:key:zQ3shbgnTGcgBpXPdBjDur3ATMDWhS7aPs6FRFkWR19Lb9Zwz#zQ3shbgnTGcgBpXPdBjDur3ATMDWhS7aPs6FRFkWR19Lb9Zwz",
      "publicKeyBase58": "qjdSRUCiVtAjwdYVTxHQXd9FnMPRaYCtKpkchofTw66G",
      "type": "Secp256k1VerificationKey2018",
    },
  ],
}
`;
