// Jest Snapshot v1, https://goo.gl/fbAQLP

exports[`key-did-provider-ed25519 encodeDID 1`] = `"did:key:z6MktvqCyLxTsXUH1tUZncNdVeEZ7hNh7npPRbUU27GTrYb8"`;
