// Jest Snapshot v1, https://goo.gl/fbAQLP

exports[`create and verify Cacao Block for Ethereum 1`] = `
Block {
  "asBlock": [Circular],
  "bytes": Uint8Array [
    163,
    97,
    104,
    161,
    97,
    116,
    103,
    101,
    105,
    112,
    52,
    51,
    54,
    49,
    97,
    112,
    168,
    99,
    97,
    117,
    100,
    120,
    56,
    100,
    105,
    100,
    58,
    107,
    101,
    121,
    58,
    122,
    54,
    77,
    107,
    114,
    66,
    100,
    78,
    100,
    119,
    85,
    80,
    110,
    88,
    68,
    86,
    68,
    49,
    68,
    67,
    120,
    101,
    100,
    122,
    86,
    86,
    66,
    112,
    97,
    71,
    105,
    56,
    97,
    83,
    109,
    111,
    88,
    70,
    65,
    101,
    75,
    78,
    103,
    116,
    65,
    101,
    114,
    56,
    99,
    105,
    97,
    116,
    120,
    24,
    50,
    48,
    50,
    49,
    45,
    49,
    48,
    45,
    49,
    52,
    84,
    48,
    55,
    58,
    49,
    56,
    58,
    52,
    49,
    46,
    48,
    48,
    48,
    90,
    99,
    105,
    115,
    115,
    120,
    59,
    100,
    105,
    100,
    58,
    112,
    107,
    104,
    58,
    101,
    105,
    112,
    49,
    53,
    53,
    58,
    49,
    58,
    48,
    120,
    66,
    100,
    57,
    68,
    57,
    99,
    55,
    68,
    67,
    51,
    56,
    57,
    55,
    49,
    53,
    97,
    56,
    57,
    102,
    67,
    56,
    49,
    52,
    57,
    69,
    52,
    97,
    53,
    66,
    101,
    57,
    49,
    51,
    51,
    54,
    66,
    50,
    55,
    57,
    54,
    101,
    110,
    111,
    110,
    99,
    101,
    104,
    51,
    50,
    56,
    57,
    49,
    55,
    53,
    55,
    102,
    100,
    111,
    109,
    97,
    105,
    110,
    107,
    115,
    101,
    114,
    118,
    105,
    99,
    101,
    46,
    111,
    114,
    103,
    103,
    118,
    101,
    114,
    115,
    105,
    111,
    110,
    97,
    49,
    105,
    114,
    101,
    115,
    111,
    117,
    114,
    99,
    101,
    115,
    130,
    120,
    53,
    105,
    112,
    102,
    115,
    58,
    47,
    47,
    81,
    109,
    101,
    55,
    115,
    115,
    51,
    65,
    82,
    86,
    103,
    120,
    118,
    54,
    114,
    88,
    113,
    86,
    80,
    105,
    105,
    107,
    77,
    74,
    56,
    117,
    50,
    78,
    76,
    103,
    109,
    103,
    115,
    122,
    103,
    49,
    51,
    112,
    89,
    114,
    68,
    75,
    69,
    111,
    105,
    117,
    120,
    38,
    104,
    116,
    116,
    112,
    115,
    58,
    47,
    47,
    101,
    120,
    97,
    109,
    112,
    108,
    101,
    46,
    99,
    111,
    109,
    47,
    109,
    121,
    45,
    119,
    101,
    98,
    50,
    45,
    99,
    108,
    97,
    105,
    109,
    46,
    106,
    115,
    111,
    110,
    105,
    115,
    116,
    97,
    116,
    101,
    109,
    101,
    110,
    116,
    120,
    65,
    73,
    32,
    97,
    99,
    99,
    101,
    112,
    116,
    32,
    116,
    104,
    101,
    32,
    83,
    101,
    114,
    118,
    105,
    99,
    101,
    79,
    114,
    103,
    32,
    84,
    101,
    114,
    109,
    115,
    32,
    111,
    102,
    32,
    83,
    101,
    114,
    118,
    105,
    99,
    101,
    58,
    32,
    104,
    116,
    116,
    112,
    115,
    58,
    47,
    47,
    115,
    101,
    114,
    118,
    105,
    99,
    101,
    46,
    111,
    114,
    103,
    47,
    116,
    111,
    115,
    97,
    115,
    162,
    97,
    115,
    120,
    132,
    48,
    120,
    101,
    100,
    54,
    48,
    99,
    101,
    51,
    54,
    97,
    50,
    99,
    54,
    50,
    48,
    53,
    102,
    55,
    97,
    49,
    54,
    49,
    100,
    52,
    53,
    50,
    97,
    49,
    52,
    53,
    49,
    57,
    101,
    52,
    56,
    102,
    97,
    55,
    51,
    50,
    57,
    99,
    98,
    54,
    99,
    57,
    100,
    100,
    49,
    102,
    99,
    97,
    57,
    50,
    102,
    54,
    57,
    97,
    52,
    55,
    52,
    99,
    57,
    56,
    97,
    51,
    101,
    99,
    52,
    57,
    56,
    102,
    101,
    55,
    101,
    102,
    98,
    49,
    101,
    52,
    100,
    98,
    49,
    54,
    98,
    98,
    97,
    99,
    97,
    52,
    97,
    48,
    101,
    48,
    102,
    55,
    99,
    57,
    55,
    50,
    53,
    53,
    54,
    54,
    97,
    102,
    48,
    49,
    55,
    101,
    100,
    99,
    54,
    52,
    57,
    50,
    57,
    57,
    54,
    99,
    99,
    57,
    52,
    102,
    55,
    99,
    101,
    102,
    102,
    49,
    98,
    97,
    116,
    102,
    101,
    105,
    112,
    49,
    57,
    49,
  ],
  "cid": Object {
    "code": 113,
    "hash": Uint8Array [
      18,
      32,
      32,
      130,
      251,
      89,
      255,
      170,
      141,
      31,
      230,
      131,
      54,
      64,
      251,
      129,
      9,
      215,
      112,
      221,
      247,
      194,
      177,
      36,
      178,
      7,
      221,
      103,
      239,
      157,
      85,
      31,
      0,
      203,
    ],
    "version": 1,
  },
  "value": Object {
    "h": Object {
      "t": "eip4361",
    },
    "p": Object {
      "aud": "did:key:z6MkrBdNdwUPnXDVD1DCxedzVVBpaGi8aSmoXFAeKNgtAer8",
      "domain": "service.org",
      "iat": "2021-10-14T07:18:41.000Z",
      "iss": "did:pkh:eip155:1:0xBd9D9c7DC389715a89fC8149E4a5Be91336B2796",
      "nonce": "32891757",
      "resources": Array [
        "ipfs://Qme7ss3ARVgxv6rXqVPiikMJ8u2NLgmgszg13pYrDKEoiu",
        "https://example.com/my-web2-claim.json",
      ],
      "statement": "I accept the ServiceOrg Terms of Service: https://service.org/tos",
      "version": "1",
    },
    "s": Object {
      "s": "0xed60ce36a2c6205f7a161d452a14519e48fa7329cb6c9dd1fca92f69a474c98a3ec498fe7efb1e4db16bbaca4a0e0f7c9725566af017edc6492996cc94f7ceff1b",
      "t": "eip191",
    },
  },
}
`;
