// Jest Snapshot v1, https://goo.gl/fbAQLP

exports[`Cacao SIWS Can create and verify Cacao Block for Solana 1`] = `
Block {
  "asBlock": [Circular],
  "bytes": Uint8Array [
    163,
    97,
    104,
    161,
    97,
    116,
    103,
    99,
    97,
    105,
    112,
    49,
    50,
    50,
    97,
    112,
    168,
    99,
    97,
    117,
    100,
    120,
    56,
    100,
    105,
    100,
    58,
    107,
    101,
    121,
    58,
    122,
    54,
    77,
    107,
    114,
    66,
    100,
    78,
    100,
    119,
    85,
    80,
    110,
    88,
    68,
    86,
    68,
    49,
    68,
    67,
    120,
    101,
    100,
    122,
    86,
    86,
    66,
    112,
    97,
    71,
    105,
    56,
    97,
    83,
    109,
    111,
    88,
    70,
    65,
    101,
    75,
    78,
    103,
    116,
    65,
    101,
    114,
    56,
    99,
    105,
    97,
    116,
    120,
    24,
    50,
    48,
    50,
    49,
    45,
    48,
    57,
    45,
    51,
    48,
    84,
    49,
    54,
    58,
    50,
    53,
    58,
    50,
    52,
    46,
    48,
    48,
    48,
    90,
    99,
    105,
    115,
    115,
    120,
    61,
    100,
    105,
    100,
    58,
    112,
    107,
    104,
    58,
    115,
    111,
    108,
    97,
    110,
    97,
    58,
    49,
    58,
    71,
    119,
    65,
    70,
    52,
    53,
    122,
    106,
    102,
    121,
    71,
    122,
    85,
    98,
    100,
    51,
    105,
    51,
    104,
    88,
    120,
    122,
    71,
    101,
    117,
    99,
    104,
    122,
    69,
    90,
    88,
    119,
    112,
    82,
    89,
    72,
    90,
    77,
    53,
    57,
    49,
    50,
    70,
    49,
    101,
    110,
    111,
    110,
    99,
    101,
    104,
    51,
    50,
    56,
    57,
    49,
    55,
    53,
    55,
    102,
    100,
    111,
    109,
    97,
    105,
    110,
    107,
    115,
    101,
    114,
    118,
    105,
    99,
    101,
    46,
    111,
    114,
    103,
    103,
    118,
    101,
    114,
    115,
    105,
    111,
    110,
    97,
    49,
    105,
    114,
    101,
    115,
    111,
    117,
    114,
    99,
    101,
    115,
    130,
    120,
    53,
    105,
    112,
    102,
    115,
    58,
    47,
    47,
    81,
    109,
    101,
    55,
    115,
    115,
    51,
    65,
    82,
    86,
    103,
    120,
    118,
    54,
    114,
    88,
    113,
    86,
    80,
    105,
    105,
    107,
    77,
    74,
    56,
    117,
    50,
    78,
    76,
    103,
    109,
    103,
    115,
    122,
    103,
    49,
    51,
    112,
    89,
    114,
    68,
    75,
    69,
    111,
    105,
    117,
    120,
    38,
    104,
    116,
    116,
    112,
    115,
    58,
    47,
    47,
    101,
    120,
    97,
    109,
    112,
    108,
    101,
    46,
    99,
    111,
    109,
    47,
    109,
    121,
    45,
    119,
    101,
    98,
    50,
    45,
    99,
    108,
    97,
    105,
    109,
    46,
    106,
    115,
    111,
    110,
    105,
    115,
    116,
    97,
    116,
    101,
    109,
    101,
    110,
    116,
    120,
    65,
    73,
    32,
    97,
    99,
    99,
    101,
    112,
    116,
    32,
    116,
    104,
    101,
    32,
    83,
    101,
    114,
    118,
    105,
    99,
    101,
    79,
    114,
    103,
    32,
    84,
    101,
    114,
    109,
    115,
    32,
    111,
    102,
    32,
    83,
    101,
    114,
    118,
    105,
    99,
    101,
    58,
    32,
    104,
    116,
    116,
    112,
    115,
    58,
    47,
    47,
    115,
    101,
    114,
    118,
    105,
    99,
    101,
    46,
    111,
    114,
    103,
    47,
    116,
    111,
    115,
    97,
    115,
    162,
    97,
    115,
    120,
    87,
    52,
    75,
    77,
    80,
    90,
    106,
    112,
    83,
    99,
    118,
    54,
    99,
    75,
    112,
    52,
    76,
    49,
    113,
    101,
    85,
    99,
    119,
    113,
    97,
    89,
    76,
    50,
    89,
    86,
    97,
    109,
    105,
    81,
    114,
    75,
    53,
    100,
    69,
    121,
    84,
    69,
    98,
    74,
    56,
    81,
    86,
    114,
    113,
    112,
    116,
    72,
    81,
    70,
    68,
    51,
    118,
    99,
    84,
    110,
    78,
    75,
    105,
    72,
    69,
    78,
    107,
    111,
    114,
    115,
    121,
    111,
    120,
    97,
    70,
    71,
    121,
    111,
    99,
    72,
    75,
    89,
    83,
    110,
    103,
    71,
    97,
    106,
    97,
    116,
    110,
    115,
    111,
    108,
    97,
    110,
    97,
    58,
    101,
    100,
    50,
    53,
    53,
    49,
    57,
  ],
  "cid": Object {
    "code": 113,
    "hash": Uint8Array [
      18,
      32,
      134,
      156,
      89,
      50,
      0,
      205,
      20,
      139,
      179,
      35,
      130,
      149,
      165,
      183,
      186,
      84,
      135,
      170,
      250,
      175,
      58,
      146,
      94,
      19,
      235,
      84,
      187,
      151,
      148,
      127,
      150,
      244,
    ],
    "version": 1,
  },
  "value": Object {
    "h": Object {
      "t": "caip122",
    },
    "p": Object {
      "aud": "did:key:z6MkrBdNdwUPnXDVD1DCxedzVVBpaGi8aSmoXFAeKNgtAer8",
      "domain": "service.org",
      "iat": "2021-09-30T16:25:24.000Z",
      "iss": "did:pkh:solana:1:GwAF45zjfyGzUbd3i3hXxzGeuchzEZXwpRYHZM5912F1",
      "nonce": "32891757",
      "resources": Array [
        "ipfs://Qme7ss3ARVgxv6rXqVPiikMJ8u2NLgmgszg13pYrDKEoiu",
        "https://example.com/my-web2-claim.json",
      ],
      "statement": "I accept the ServiceOrg Terms of Service: https://service.org/tos",
      "version": "1",
    },
    "s": Object {
      "s": "4KMPZjpScv6cKp4L1qeUcwqaYL2YVamiQrK5dEyTEbJ8QVrqptHQFD3vcTnNKiHENkorsyoxaFGyocHKYSngGaj",
      "t": "solana:ed25519",
    },
  },
}
`;
